Turbo Assembler	 Version 3.1	    01/06/22 17:23:25	    Page 1
LAB4\TEST.ASM



      1	0000			     Data SEGMENT	     ; Сегмент данных
      2
      3				     ; Вариант 3
      4				     ; Решить уравнение вида:
      5				     ; (1 + A/5)*B-C*D,	где:
      6
      7	0000  96			     A DB 150d
      8	0001  07			     B DB 111b
      9	0002  48			     C DB 48h
     10	0003  03			     D DB 3d
     11	0004  ????			     X DW ?
     12	0006			     Data ENDS
     13
     14	0000			     Ourstack SEGMENT Stack  ; Сегмент стека
     15						     ; Выделили	100h (256) байт под стек
     16	0000  0100*(??)			     DB	100h DUP (?)
     17	0100			     Ourstack ENDS
     18
     19						     ; Привязываем имена к регистрам
     20				     ASSUME CS:Code, DS:Data, SS:Ourstack
     21
     22	0000			     Code SEGMENT	     ; Сегмент кода
     23
     24	0000			     Start:
     25
     26	0000  B8 0000s			     mov AX, Data    ; Загрузка	сегмента данных
     27	0003  8E D8			     mov DS, AX
     28	0005  33 C0			     xor AX, AX	     ; Очистка регистра AX
     29
     30	0007  A0 0000r			     mov AL, A	     ; Делим A на 5 используя регистры AL и BL
     31	000A  B3 05			     mov BL, 5	     ; с сохранением ответа в AH:AL
     32	000C  F6 F3			     div BL	     ; по условию используем	только частное +
     33				     (AL)
     34
     35	000E  8A D8			     mov BL, AL	     ; Сохраняем полученный ответ (частное)  +
     36				     в	BL
     37
     38	0010  80 C3 01			     add BL, 1	     ; Прибавляем к полученному ответу 1
     39	0013  A0 0001r			     mov AL, B	     ; Сохраняем (В == 111b) в AL
     40	0016  F6 E3			     mul BL	     ; и умножаем на	полученный при		    +
     41				     вычислениях выше результат	в AL
     42	0018  A3 0004r			     mov X, AX	     ; Сохраняем результат в	X
     43
     44	001B  A0 0002r			     mov AL, C
     45	001E  8A 1E 0003r		     mov BL, D	     ; Вычисляем (C * D) с использованием	    +
     46				     регистров	AL и BL
     47	0022  F6 E3			     mul BL	     ; результат умножения сохраняется в AX
     48
     49	0024  29 06 0004r		     sub X, AX	     ; Полученное произведение складываем с+
     50				     результатом вычеслений в X
     51							     ; Получили	ответ, завершаем программу.
     52	0028  B0 00			     mov AL, 0
     53	002A  B4 4C			     mov AH, 4Ch
     54	002C  CD 21			     int 21h
     55
     56	002E			     Code ENDS
     57
Turbo Assembler	 Version 3.1	    01/06/22 17:23:25	    Page 2
LAB4\TEST.ASM



     58				     END Start
